
> tempapp@0.1.0 build
> next build

Γû▓ Next.js 16.1.6 (Turbopack)

  Creating an optimized production build ...
node.exe : Error: 
Cannot apply unknown 
utility class 
`bg-gray-50`. Are you 
using CSS modules or 
similar and missing 
`@reference`? https://t
ailwindcss.com/docs/fun
ctions-and-directives#r
eference-directive
At C:\Program Files\nod
ejs\npm.ps1:29 char:3
+   & $NODE_EXE 
$NPM_CLI_JS $args
+   ~~~~~~~~~~~~~~~~~~~
~~~~~~~~~~
    + CategoryInfo     
         : NotSpecifi  
  ed: (Error: Cannot   
  a...rence-directi    
ve:String) [], Rem    
oteException
    + FullyQualifiedEr 
   rorId : NativeComm  
  andError
 
    [2m[at 
onInvalidCandidate (C:\
CODES\!LERIN\node_modul
es\tailwindcss\dist\lib
.js:21:1314)][0m
    [2m[at Ee (C:\CODE
S\!LERIN\node_modules\t
ailwindcss\dist\lib.js:
16:37066)][0m
    [2m[at C:\CODES\!L
ERIN\node_modules\tailw
indcss\dist\lib.js:21:3
55][0m
    [2m[at Pr (C:\CODE
S\!LERIN\node_modules\t
ailwindcss\dist\lib.js:
3:1733)][0m
    [2m[at _ (C:\CODES
\!LERIN\node_modules\ta
ilwindcss\dist\lib.js:3
:1377)][0m
    [2m[at Te (C:\CODE
S\!LERIN\node_modules\t
ailwindcss\dist\lib.js:
21:172)][0m
    [2m[at pn (C:\CODE
S\!LERIN\node_modules\t
ailwindcss\dist\lib.js:
38:294)][0m
    [2m[at process.pro
cessTicksAndRejections 
(node:internal/process/
task_queues:105:5)][0m
    [2m[at async dn (C
:\CODES\!LERIN\node_mod
ules\tailwindcss\dist\l
ib.js:38:631)][0m
    [2m[at async Xr (C
:\CODES\!LERIN\node_mod
ules\@tailwindcss\node\
dist\index.js:10:3417)]
[0m

> Build error occurred
Error: Turbopack build 
failed with 1 errors:
./src/app/globals.css
Error evaluating 
Node.js code
CssSyntaxError: 
tailwindcss: C:\CODES\!
LERIN\src\app\globals.c
ss:1:1: Cannot apply 
unknown utility class 
`bg-gray-50`. Are you 
using CSS modules or 
similar and missing 
`@reference`? https://t
ailwindcss.com/docs/fun
ctions-and-directives#r
eference-directive
    at Input.error (nod
e_modules/postcss/lib/i
nput.js:135:16) [C:\COD
ES\!LERIN\.next\build\c
hunks\node_modules_fe69
3df6._.js:4651:22]
    at Root.error (node
_modules/postcss/lib/no
de.js:146:32) [C:\CODES
\!LERIN\.next\build\chu
nks\node_modules_fe693d
f6._.js:928:38]
    [at Object.Once (C:
\CODES\!LERIN\node_modu
les\@tailwindcss\postcs
s\dist\index.js:10:6913
)]
    [at process.process
TicksAndRejections (nod
e:internal/process/task
_queues:105:5)]
    at async 
LazyResult.runAsync (no
de_modules/postcss/lib/
lazy-result.js:293:11) 
[C:\CODES\!LERIN\.next\
build\chunks\node_modul
es_fe693df6._.js:6206:2
1]
    at async transform 
(turbopack:///[turbopac
k-node]/transforms/post
css.ts:70:34) [C:\CODES
\!LERIN\.next\build\chu
nks\[root-of-the-server
]__51225daf._.js:146:36
]
    at async run (turbo
pack:///[turbopack-node
]/ipc/evaluate.ts:92:23
) [C:\CODES\!LERIN\.nex
t\build\chunks\[root-of
-the-server]__974941ed.
_.js:443:31]

Import trace:
  Client Component 
Browser:
    
./src/app/globals.css 
[Client Component 
Browser]
    
./src/app/layout.tsx 
[Server Component]


    at async transform 
(turbopack:///[turbopac
k-node]/transforms/post
css.ts:70:34) [C:\CODES
\!LERIN\.next\build\chu
nks\[root-of-the-server
]__51225daf._.js:146:36
])
    at async run (turbo
pack:///[turbopack-node
]/ipc/evaluate.ts:92:23
) [C:\CODES\!LERIN\.nex
t\build\chunks\[root-of
-the-server]__974941ed.
_.js:443:31])
